11:20:49 **** Build of configuration Debug for project 01_hola_mundo ****
make -j32 all 
arm-none-eabi-gcc -mcpu=cortex-m4 -g3 -DDEBUG -c -x assembler-with-cpp -MMD -MP -MF"Startup/startup_stm32f411retx.d" -MT"Startup/startup_stm32f411retx.o" --specs=nano.specs -mfpu=fpv4-sp-d16 -mfloat-abi=hard -mthumb -o "Startup/startup_stm32f411retx.o" "../Startup/startup_stm32f411retx.s"
arm-none-eabi-gcc "../Src/main.c" -mcpu=cortex-m4 -std=gnu11 -g3 -DDEBUG -DSTM32 -DSTM32F4 -DSTM32F411RETx -c -I../Inc -O0 -ffunction-sections -fdata-sections -Wall -fstack-usage -fcyclomatic-complexity -MMD -MP -MF"Src/main.d" -MT"Src/main.o" --specs=nano.specs -mfpu=fpv4-sp-d16 -mfloat-abi=hard -mthumb -o "Src/main.o"
arm-none-eabi-gcc "../Src/syscalls.c" -mcpu=cortex-m4 -std=gnu11 -g3 -DDEBUG -DSTM32 -DSTM32F4 -DSTM32F411RETx -c -I../Inc -O0 -ffunction-sections -fdata-sections -Wall -fstack-usage -fcyclomatic-complexity -MMD -MP -MF"Src/syscalls.d" -MT"Src/syscalls.o" --specs=nano.specs -mfpu=fpv4-sp-d16 -mfloat-abi=hard -mthumb -o "Src/syscalls.o"
arm-none-eabi-gcc "../Src/sysmem.c" -mcpu=cortex-m4 -std=gnu11 -g3 -DDEBUG -DSTM32 -DSTM32F4 -DSTM32F411RETx -c -I../Inc -O0 -ffunction-sections -fdata-sections -Wall -fstack-usage -fcyclomatic-complexity -MMD -MP -MF"Src/sysmem.d" -MT"Src/sysmem.o" --specs=nano.specs -mfpu=fpv4-sp-d16 -mfloat-abi=hard -mthumb -o "Src/sysmem.o"
../Src/main.c:22:4: warning: #warning "FPU is not initialized, but the project is compiling for an FPU. Please initialize the FPU before use." [-Wcpp]
   22 |   #warning "FPU is not initialized, but the project is compiling for an FPU. Please initialize the FPU before use."
      |    ^~~~~~~
arm-none-eabi-gcc -o "01_hola_mundo.elf" @"objects.list"   -mcpu=cortex-m4 -T"/media/sigy/DOCUMENTOS/TRABAJO/ITIZ/PROGRAMAS/sistemas_inteligentes_2026_2/sistemas_inteligentes_b/STM32/01_hola_mundo/STM32F411RETX_FLASH.ld" --specs=nosys.specs -Wl,-Map="01_hola_mundo.map" -Wl,--gc-sections -static --specs=nano.specs -mfpu=fpv4-sp-d16 -mfloat-abi=hard -mthumb -Wl,--start-group -lc -lm -Wl,--end-group
Finished building target: 01_hola_mundo.elf
 
arm-none-eabi-size  01_hola_mundo.elf 
arm-none-eabi-objdump -h -S 01_hola_mundo.elf  > "01_hola_mundo.list"
   text	   data	    bss	    dec	    hex	filename
    668	      0	   1568	   2236	    8bc	01_hola_mundo.elf
Finished building: default.size.stdout
 
Finished building: 01_hola_mundo.list
 

11:20:49 Build Finished. 0 errors, 1 warnings. (took 244ms)

11:22:13 **** Incremental Build of configuration Debug for project 01_hola_mundo ****
make -j32 all 
arm-none-eabi-size  01_hola_mundo.elf 
   text	   data	    bss	    dec	    hex	filename
    668	      0	   1568	   2236	    8bc	01_hola_mundo.elf
Finished building: default.size.stdout
 
