12:41:34 **** Build of configuration Debug for project 02_debugger ****
make -j32 all 
arm-none-eabi-gcc -mcpu=cortex-m4 -g3 -DDEBUG -c -x assembler-with-cpp -MMD -MP -MF"Startup/startup_stm32f411retx.d" -MT"Startup/startup_stm32f411retx.o" --specs=nano.specs -mfpu=fpv4-sp-d16 -mfloat-abi=hard -mthumb -o "Startup/startup_stm32f411retx.o" "../Startup/startup_stm32f411retx.s"
arm-none-eabi-gcc "../Src/main.c" -mcpu=cortex-m4 -std=gnu11 -g3 -DDEBUG -DSTM32 -DSTM32F4 -DSTM32F411RETx -c -I../Inc -O0 -ffunction-sections -fdata-sections -Wall -fstack-usage -fcyclomatic-complexity -MMD -MP -MF"Src/main.d" -MT"Src/main.o" --specs=nano.specs -mfpu=fpv4-sp-d16 -mfloat-abi=hard -mthumb -o "Src/main.o"
arm-none-eabi-gcc "../Src/syscalls.c" -mcpu=cortex-m4 -std=gnu11 -g3 -DDEBUG -DSTM32 -DSTM32F4 -DSTM32F411RETx -c -I../Inc -O0 -ffunction-sections -fdata-sections -Wall -fstack-usage -fcyclomatic-complexity -MMD -MP -MF"Src/syscalls.d" -MT"Src/syscalls.o" --specs=nano.specs -mfpu=fpv4-sp-d16 -mfloat-abi=hard -mthumb -o "Src/syscalls.o"
arm-none-eabi-gcc "../Src/sysmem.c" -mcpu=cortex-m4 -std=gnu11 -g3 -DDEBUG -DSTM32 -DSTM32F4 -DSTM32F411RETx -c -I../Inc -O0 -ffunction-sections -fdata-sections -Wall -fstack-usage -fcyclomatic-complexity -MMD -MP -MF"Src/sysmem.d" -MT"Src/sysmem.o" --specs=nano.specs -mfpu=fpv4-sp-d16 -mfloat-abi=hard -mthumb -o "Src/sysmem.o"
arm-none-eabi-gcc -o "02_debugger.elf" @"objects.list"   -mcpu=cortex-m4 -T"/media/sigy/DOCUMENTOS/TRABAJO/ITIZ/PROGRAMAS/sistemas_inteligentes_2026_2/sistemas_inteligentes_b/STM32/02_debugger/STM32F411RETX_FLASH.ld" --specs=nosys.specs -Wl,-Map="02_debugger.map" -Wl,--gc-sections -static --specs=nano.specs -mfpu=fpv4-sp-d16 -mfloat-abi=hard -mthumb -Wl,--start-group -lc -lm -Wl,--end-group
Finished building target: 02_debugger.elf
 
arm-none-eabi-size  02_debugger.elf 
arm-none-eabi-objdump -h -S 02_debugger.elf  > "02_debugger.list"
   text	   data	    bss	    dec	    hex	filename
   6240	    164	   1900	   8304	   2070	02_debugger.elf
Finished building: default.size.stdout
 
Finished building: 02_debugger.list
 
12:41:51 **** Incremental Build of configuration Debug for project 02_debugger ****
make -j32 all 
arm-none-eabi-size  02_debugger.elf 
   text	   data	    bss	    dec	    hex	filename
   6240	    164	   1900	   8304	   2070	02_debugger.elf
Finished building: default.size.stdout
 
12:41:58 **** Incremental Build of configuration Debug for project 02_debugger ****
make -j32 all 
arm-none-eabi-size  02_debugger.elf 
   text	   data	    bss	    dec	    hex	filename
   6240	    164	   1900	   8304	   2070	02_debugger.elf
Finished building: default.size.stdout
 
12:58:53 **** Incremental Build of configuration Debug for project 02_debugger ****
make -j32 all 
arm-none-eabi-size  02_debugger.elf 
   text	   data	    bss	    dec	    hex	filename
   6240	    164	   1900	   8304	   2070	02_debugger.elf
Finished building: default.size.stdout
 
13:12:39 **** Incremental Build of configuration Debug for project 02_debugger ****
make -j32 all 
arm-none-eabi-size  02_debugger.elf 
   text	   data	    bss	    dec	    hex	filename
   6240	    164	   1900	   8304	   2070	02_debugger.elf
Finished building: default.size.stdout
 
13:24:28 **** Incremental Build of configuration Debug for project 02_debugger ****
make -j32 all 
arm-none-eabi-size  02_debugger.elf 
   text	   data	    bss	    dec	    hex	filename
   6240	    164	   1900	   8304	   2070	02_debugger.elf
Finished building: default.size.stdout
 
